// Jest Snapshot v1, https://goo.gl/fbAQLP

exports[`Pruebas en GifItem Debemos hacer match con un snapshot 1`] = `
<div>
  <div
    class="card"
  >
    <img
      alt="Saitama"
      src="https://dragonball.com/goku.jpg"
    />
    <p>
       
      Saitama
       
    </p>
  </div>
</div>
`;
